../Core/Src/radio/RF95_FSK.c:43:19:RF95FSK_write	24	static
../Core/Src/radio/RF95_FSK.c:58:19:RF95FSK_write_burst	24	static
../Core/Src/radio/RF95_FSK.c:72:6:RF95FSK_read	24	static
../Core/Src/radio/RF95_FSK.c:85:19:RF95FSK_read_burst	32	static
../Core/Src/radio/RF95_FSK.c:99:6:RF95FSK_Reset	8	static
../Core/Src/radio/RF95_FSK.c:107:6:RF95FSK_Init	56	static
../Core/Src/radio/RF95_FSK.c:146:6:RF95FSK_setModemConfigFSK	40	static
../Core/Src/radio/RF95_FSK.c:191:6:RF95FSK_send_try3	32	static
../Core/Src/radio/RF95_FSK.c:219:6:RF95FSK_send_try2	56	static
../Core/Src/radio/RF95_FSK.c:284:6:RF95FSK_send_try4_old	56	static
../Core/Src/radio/RF95_FSK.c:356:6:RF95FSK_send_try4	56	static
../Core/Src/radio/RF95_FSK.c:430:6:radio_enqueue	24	static
../Core/Src/radio/RF95_FSK.c:442:6:radio_heartbeat	32	static
../Core/Src/radio/RF95_FSK.c:515:6:RF95FSK_send_try2_debug	56	static
../Core/Src/radio/RF95_FSK.c:579:6:RF95FSK_send_try2_works	72	static
../Core/Src/radio/RF95_FSK.c:674:6:RF95FSK_send	40	static
../Core/Src/radio/RF95_FSK.c:713:6:RF95FSK_setPreambleLength	16	static
../Core/Src/radio/RF95_FSK.c:720:13:RF95FSK_setFrequency1f	32	static
../Core/Src/radio/RF95_FSK.c:733:13:RF95FSK_setFrequency1i	24	static
../Core/Src/radio/RF95_FSK.c:744:6:RF95FSK_setTxPower	16	static
../Core/Src/radio/RF95_FSK.c:783:6:RF95FSK_receive	24	static
../Core/Src/radio/RF95_FSK.c:814:6:RF95FSK_available	8	static
../Core/Src/radio/RF95_FSK.c:831:6:RF95FSK_available_Timeout	24	static
../Core/Src/radio/RF95_FSK.c:851:6:RF95FSK_setModeCAD	8	static
../Core/Src/radio/RF95_FSK.c:862:6:RF95FSK_setModeIdle	8	static
../Core/Src/radio/RF95_FSK.c:876:6:RF95FSK_sleep	8	static
../Core/Src/radio/RF95_FSK.c:891:6:RF95FSK_setModeRx_Single	8	static
../Core/Src/radio/RF95_FSK.c:906:6:RF95FSK_setModeRx_Continuous	8	static
../Core/Src/radio/RF95_FSK.c:921:6:RF95FSK_setModeTx	8	static
../Core/Src/radio/RF95_FSK.c:935:6:RF95FSK_setModeTx_Continuous	8	static
../Core/Src/radio/RF95_FSK.c:949:6:RF95FSK_setOpMode	16	static
../Core/Src/radio/RF95_FSK.c:964:6:RF95FSK_Check_RxTimeout	16	static
../Core/Src/radio/RF95_FSK.c:974:6:RF95FSK_Check_RxDone	16	static
../Core/Src/radio/RF95_FSK.c:984:6:RF95FSK_Check_PayloadCRCError	16	static
../Core/Src/radio/RF95_FSK.c:994:6:RF95FSK_Check_ValidHeader	16	static
../Core/Src/radio/RF95_FSK.c:1005:6:RF95FSK_Check_TxDone	16	static
../Core/Src/radio/RF95_FSK.c:1015:6:RF95FSK_Clear_IRQ	16	static
../Core/Src/radio/RF95_FSK.c:1027:6:RF95FSK_Check_ModemClear	16	static
../Core/Src/radio/RF95_FSK.c:1037:6:RF95FSK_Check_HeaderInfoValid	16	static
../Core/Src/radio/RF95_FSK.c:1047:6:RF95FSK_Check_RxOnGoing	16	static
../Core/Src/radio/RF95_FSK.c:1056:6:RF95FSK_Check_SignalSyncronized	16	static
../Core/Src/radio/RF95_FSK.c:1066:6:RF95FSK_Check_SignalDetect	16	static
../Core/Src/radio/RF95_FSK.c:1096:10:RF95FSK_ComputeCRC	24	static
