../Core/Src/radio/RF95.c:49:19:RF95_write	24	static
../Core/Src/radio/RF95.c:64:19:RF95_write_burst	24	static
../Core/Src/radio/RF95.c:81:6:RF95_read	24	static
../Core/Src/radio/RF95.c:94:19:RF95_read_burst	32	static
../Core/Src/radio/RF95.c:108:6:RF95_Reset	8	static
../Core/Src/radio/RF95.c:116:6:RF95_Init	16	static
../Core/Src/radio/RF95.c:166:6:RF95_setModemConfig	16	static
../Core/Src/radio/RF95.c:175:6:RF95_setModemConfig1bw	24	static
../Core/Src/radio/RF95.c:186:6:RF95_setModemConfigFSK	40	static
../Core/Src/radio/RF95.c:229:6:RF95_send_fskDirect	80	static
../Core/Src/radio/RF95.c:265:6:RF95_send	32	static
../Core/Src/radio/RF95.c:341:6:RF95_setPreambleLength	16	static
../Core/Src/radio/RF95.c:348:6:RF95_setFrequency	32	static
../Core/Src/radio/RF95.c:364:6:RF95_setTxPower	16	static
../Core/Src/radio/RF95.c:403:6:RF95_receive	24	static
../Core/Src/radio/RF95.c:433:6:RF95_receive_Timeout	24	static
../Core/Src/radio/RF95.c:474:6:RF95_waitCAD	16	static
../Core/Src/radio/RF95.c:498:6:RF95_waitPacketSent	8	static
../Core/Src/radio/RF95.c:509:6:RF95_available	8	static
../Core/Src/radio/RF95.c:526:6:RF95_available_Timeout	24	static
../Core/Src/radio/RF95.c:546:6:RF95_setModeCAD	8	static
../Core/Src/radio/RF95.c:557:6:RF95_setModeIdle	8	static
../Core/Src/radio/RF95.c:571:6:RF95_sleep	8	static
../Core/Src/radio/RF95.c:586:6:RF95_setModeRx_Single	8	static
../Core/Src/radio/RF95.c:601:6:RF95_setModeRx_Continuous	8	static
../Core/Src/radio/RF95.c:616:6:RF95_setModeTx	8	static
../Core/Src/radio/RF95.c:630:6:RF95_setModeTx_Continuous	8	static
../Core/Src/radio/RF95.c:644:6:RF95_setOpMode	16	static
../Core/Src/radio/RF95.c:659:6:RF95_Check_RxTimeout	16	static
../Core/Src/radio/RF95.c:669:6:RF95_Check_RxDone	16	static
../Core/Src/radio/RF95.c:679:6:RF95_Check_PayloadCRCError	16	static
../Core/Src/radio/RF95.c:689:6:RF95_Check_ValidHeader	16	static
../Core/Src/radio/RF95.c:700:6:RF95_Check_TxDone	16	static
../Core/Src/radio/RF95.c:711:6:RF95_Check_CADDone	16	static
../Core/Src/radio/RF95.c:720:6:RF95_Check_FhssChannelChange	16	static
../Core/Src/radio/RF95.c:730:6:RF95_Check_CADDetect	16	static
../Core/Src/radio/RF95.c:740:6:RF95_Clear_IRQ	16	static
../Core/Src/radio/RF95.c:752:6:RF95_Check_ModemClear	16	static
../Core/Src/radio/RF95.c:762:6:RF95_Check_HeaderInfoValid	16	static
../Core/Src/radio/RF95.c:772:6:RF95_Check_RxOnGoing	16	static
../Core/Src/radio/RF95.c:781:6:RF95_Check_SignalSyncronized	16	static
../Core/Src/radio/RF95.c:791:6:RF95_Check_SignalDetect	16	static
../Core/Src/radio/RF95.c:801:10:ComputeCRC	24	static
../Core/Src/radio/RF95.c:821:10:RF95_ComputeCRC	24	static
../Core/Src/radio/RF95.c:858:6:Clear_Buffer	16	static
../Core/Src/radio/RF95.c:863:6:RF95_Master_Receive_from_Node	32	static
../Core/Src/radio/RF95.c:965:6:RF95_Master_Receive_from_All_Nodes	16	static
../Core/Src/radio/RF95.c:975:6:RF95_Slave_Send	24	static
